{
  "variant": "admittance-no-shape",
  "metrics": {
    "peak_normal_force_n": 3.72177515141568,
    "normal_force_impulse_ns": 1.33961178377185,
    "steady_force_rmse_n": 2.12346198601576,
    "steady_force_rmse_fraction": 0.7078206620052533,
    "maximum_penetration_m": 0.00013999473809775962,
    "contact_loss_events": 18,
    "maximum_sustained_contact_loss_s": 0.08600000000000001,
    "contact_detected_fraction": 0.738,
    "final_normal_force_n": 3.1404704594397925,
    "task_success_rate": 1.0,
    "torque_saturation_fraction": 0.0,
    "maximum_base_angular_speed_rad_s": 0.00807999182470555,
    "rms_base_angular_speed_rad_s": 0.0056851279050556,
    "robot_contact_linear_impulse_norm_ns": 1.351493701820193,
    "robot_contact_angular_impulse_about_initial_com_norm_nms": 0.2784579554935883,
    "robot_momentum_change_max": 1.3689540930044042,
    "total_momentum_drift_max": 2.71848802191081e-09,
    "relative_position_error_max_m": 0.00193292095227147,
    "relative_orientation_error_max_rad": 0.0009668406827048019,
    "relative_linear_speed_max_m_s": 0.056450203278815905,
    "maximum_command_normal_offset_m": 0.0004978170707047747,
    "next_physics_step_linear_prediction_rmse_m_s": 0.008130103943688302,
    "next_physics_step_angular_prediction_rmse_rad_s": 0.012477658775501286,
    "next_task_period_linear_prediction_rmse_m_s": 0.0021806282574482116,
    "next_task_period_angular_prediction_rmse_rad_s": 0.009740291154768708
  },
  "acceptance": {
    "all_numeric_finite": true,
    "contact_acquired": true,
    "peak_contact_force": true,
    "maximum_penetration": true,
    "maximum_sustained_contact_loss": true,
    "task_success_rate": true,
    "torque_saturation_fraction": true,
    "total_momentum_drift": true,
    "common_passed": true,
    "steady_force_tracking": false,
    "passed": false
  }
}
