{
  "condition": "C0",
  "variant": "rigid",
  "metrics": {
    "peak_normal_force_n": 8.241664523173574,
    "normal_force_impulse_ns": 2.4107022493551202,
    "steady_force_rmse_n": 1.3977481986808205,
    "steady_force_rmse_fraction": 0.46591606622694015,
    "maximum_penetration_m": 0.0002743532026984115,
    "contact_loss_events": 4,
    "maximum_sustained_contact_loss_s": 0.034,
    "contact_detected_fraction": 0.936,
    "final_normal_force_n": 1.4671698408342029,
    "task_success_rate": 1.0,
    "torque_saturation_fraction": 0.0,
    "maximum_base_angular_speed_rad_s": 0.010981739352926147,
    "rms_base_angular_speed_rad_s": 0.006659098582834233,
    "robot_contact_linear_impulse_norm_ns": 2.4236671311049793,
    "robot_contact_angular_impulse_about_initial_com_norm_nms": 0.20392465369570348,
    "robot_momentum_change_max": 2.4278359385086916,
    "total_momentum_drift_max": 8.882382106959592e-09,
    "relative_position_error_max_m": 0.002322896264281375,
    "relative_orientation_error_max_rad": 0.0020528954113230307,
    "relative_linear_speed_max_m_s": 0.03161619290550465,
    "maximum_command_normal_offset_m": 0.0012,
    "next_physics_step_linear_prediction_rmse_m_s": 0.011007050638093796,
    "next_physics_step_angular_prediction_rmse_rad_s": 0.020514761417041574,
    "next_task_period_linear_prediction_rmse_m_s": 0.007764181347679639,
    "next_task_period_angular_prediction_rmse_rad_s": 0.01838630771729555,
    "first_contact_time_local_s": 0.002,
    "ever_contact": true
  },
  "acceptance": {
    "all_numeric_finite": true,
    "contact_acquired": true,
    "peak_contact_force": true,
    "maximum_penetration": true,
    "maximum_sustained_contact_loss": true,
    "task_success_rate": true,
    "torque_saturation_fraction": true,
    "total_momentum_drift": true,
    "common_passed": true,
    "steady_force_tracking": null,
    "passed": true
  }
}
