{
  "condition": "C0",
  "variant": "admittance-no-shape",
  "metrics": {
    "peak_normal_force_n": 8.23151741965107,
    "normal_force_impulse_ns": 1.6140910687291226,
    "steady_force_rmse_n": 1.7106209835350643,
    "steady_force_rmse_fraction": 0.5702069945116881,
    "maximum_penetration_m": 0.00019659140447381477,
    "contact_loss_events": 15,
    "maximum_sustained_contact_loss_s": 0.08,
    "contact_detected_fraction": 0.788,
    "final_normal_force_n": 4.995752202143623,
    "task_success_rate": 1.0,
    "torque_saturation_fraction": 0.0,
    "maximum_base_angular_speed_rad_s": 0.008528823227301634,
    "rms_base_angular_speed_rad_s": 0.003543322394100531,
    "robot_contact_linear_impulse_norm_ns": 1.625328043134927,
    "robot_contact_angular_impulse_about_initial_com_norm_nms": 0.07981972948057914,
    "robot_momentum_change_max": 1.6103789007102014,
    "total_momentum_drift_max": 6.0183852173869395e-09,
    "relative_position_error_max_m": 0.0012621056822999998,
    "relative_orientation_error_max_rad": 0.0020515663247565245,
    "relative_linear_speed_max_m_s": 0.03153148841264148,
    "maximum_command_normal_offset_m": 0.0004855726232832125,
    "next_physics_step_linear_prediction_rmse_m_s": 0.009061248583407835,
    "next_physics_step_angular_prediction_rmse_rad_s": 0.022080395003689742,
    "next_task_period_linear_prediction_rmse_m_s": 0.004719769051464369,
    "next_task_period_angular_prediction_rmse_rad_s": 0.019510906621903384,
    "first_contact_time_local_s": 0.002,
    "ever_contact": true
  },
  "acceptance": {
    "all_numeric_finite": true,
    "contact_acquired": true,
    "peak_contact_force": true,
    "maximum_penetration": true,
    "maximum_sustained_contact_loss": true,
    "task_success_rate": true,
    "torque_saturation_fraction": true,
    "total_momentum_drift": true,
    "common_passed": true,
    "steady_force_tracking": false,
    "passed": false
  }
}
