{
  "cell": "D01",
  "variant": "admittance",
  "metrics": {
    "peak_normal_force_n": 4.436486202835973,
    "normal_force_impulse_ns": 0.9530733696603091,
    "steady_force_rmse_n": 2.2042526853038127,
    "steady_force_rmse_fraction": 0.7347508951012709,
    "maximum_penetration_m": 0.00012370331465359102,
    "contact_loss_events": 20,
    "maximum_sustained_contact_loss_s": 0.058,
    "contact_detected_fraction": 0.566,
    "final_normal_force_n": 2.336397299635691,
    "task_success_rate": 1.0,
    "torque_saturation_fraction": 0.0,
    "maximum_base_angular_speed_rad_s": 0.006958556180171438,
    "rms_base_angular_speed_rad_s": 0.004678764408382964,
    "robot_contact_linear_impulse_norm_ns": 0.9594249734064362,
    "robot_contact_angular_impulse_about_initial_com_norm_nms": 0.07328156807135124,
    "robot_momentum_change_max": 0.9522449317498165,
    "total_momentum_drift_max": 2.8541694796149694e-09,
    "relative_position_error_max_m": 0.001008787852982302,
    "relative_orientation_error_max_rad": 0.0004242877681041706,
    "relative_linear_speed_max_m_s": 0.00689519475607743,
    "maximum_command_normal_offset_m": 0.0008709878171318131,
    "next_physics_step_linear_prediction_rmse_m_s": 0.004689363917295588,
    "next_physics_step_angular_prediction_rmse_rad_s": 0.008686103393453591,
    "next_task_period_linear_prediction_rmse_m_s": 0.002872507564672297,
    "next_task_period_angular_prediction_rmse_rad_s": 0.010174832721565457
  },
  "acceptance": {
    "all_numeric_finite": true,
    "contact_acquired": true,
    "peak_contact_force": true,
    "maximum_penetration": true,
    "maximum_sustained_contact_loss": true,
    "task_success_rate": true,
    "torque_saturation_fraction": true,
    "total_momentum_drift": true,
    "common_passed": true,
    "steady_force_tracking": false,
    "passed": false
  }
}
