{
  "condition": "C1",
  "variant": "admittance-no-shape",
  "metrics": {
    "peak_normal_force_n": 6.242286166054834,
    "normal_force_impulse_ns": 1.4436719674066154,
    "steady_force_rmse_n": 1.6503093811986624,
    "steady_force_rmse_fraction": 0.5501031270662208,
    "maximum_penetration_m": 0.00022770753711059882,
    "contact_loss_events": 13,
    "maximum_sustained_contact_loss_s": 0.048,
    "contact_detected_fraction": 0.738,
    "final_normal_force_n": 0.5434268836778711,
    "task_success_rate": 1.0,
    "torque_saturation_fraction": 0.0,
    "maximum_base_angular_speed_rad_s": 0.006177053455542411,
    "rms_base_angular_speed_rad_s": 0.003320524182554098,
    "robot_contact_linear_impulse_norm_ns": 1.4522725392012485,
    "robot_contact_angular_impulse_about_initial_com_norm_nms": 0.0718193254861353,
    "robot_momentum_change_max": 1.4430663464107338,
    "total_momentum_drift_max": 7.902838392796491e-10,
    "relative_position_error_max_m": 0.0005973239348832542,
    "relative_orientation_error_max_rad": 0.00044728721523651566,
    "relative_linear_speed_max_m_s": 0.0032438093184296115,
    "maximum_command_normal_offset_m": 0.0005766640218244115,
    "next_physics_step_linear_prediction_rmse_m_s": 0.005010794134368759,
    "next_physics_step_angular_prediction_rmse_rad_s": 0.010504717566231416,
    "next_task_period_linear_prediction_rmse_m_s": 0.0031584264072651563,
    "next_task_period_angular_prediction_rmse_rad_s": 0.01140734524622664,
    "first_contact_time_local_s": 0.08200000000000006,
    "ever_contact": true
  },
  "acceptance": {
    "all_numeric_finite": true,
    "contact_acquired": true,
    "peak_contact_force": true,
    "maximum_penetration": true,
    "maximum_sustained_contact_loss": true,
    "task_success_rate": true,
    "torque_saturation_fraction": true,
    "total_momentum_drift": true,
    "common_passed": true,
    "steady_force_tracking": false,
    "passed": false
  }
}
