{"run": "D01_V1_nominal", "t": 0.0, "phase": "OBSERVE", "s": 0.0, "rho": 0.0, "status": "RUNNING"}
{"run": "D01_V1_nominal", "t": 1.0, "phase": "RENDEZVOUS", "s": 0.12025000000000009, "rho": 0.0, "status": "RUNNING"}
{"run": "D01_V1_nominal", "t": 2.0, "phase": "RENDEZVOUS", "s": 0.2452500000000002, "rho": 0.0, "status": "RUNNING"}
{"run": "D01_V1_nominal", "t": 3.002, "phase": "RENDEZVOUS", "s": 0.3704999999999869, "rho": 0.0, "status": "RUNNING"}
{"run": "D01_V1_nominal", "t": 4.002, "phase": "RENDEZVOUS", "s": 0.49549999999997313, "rho": 0.0, "status": "RUNNING"}
{"run": "D01_V1_nominal", "t": 5.002, "phase": "RENDEZVOUS", "s": 0.6204999999999594, "rho": 0.0, "status": "RUNNING"}
{"run": "D01_V1_nominal", "t": 6.002, "phase": "RENDEZVOUS", "s": 0.7454999999999457, "rho": 0.0, "status": "RUNNING"}
{"run": "D01_V1_nominal", "t": 7.002, "phase": "RELATIVE_APPROACH", "s": 0.8704999999999319, "rho": 0.0, "status": "RUNNING"}
{"run": "D01_V1_nominal", "t": 8.002, "phase": "GRASP_VERIFY", "s": 0.9939999999999183, "rho": 0.13775620118477566, "status": "RUNNING"}
{"run": "D01_V1_nominal", "t": 9.002, "phase": "DAMP_TRANSFER", "s": 0.9939999999999183, "rho": 0.002002211638088032, "status": "RUNNING"}
{"run": "D01_V1_nominal", "t": 10.0, "phase": "DAMP_TRANSFER", "s": 0.9939999999999183, "rho": 0.0010245532487392068, "status": "RUNNING"}
{"run": "D01_V1_nominal", "t": 11.0, "phase": "DAMP_TRANSFER", "s": 0.9939999999999183, "rho": 0.0005417333442586224, "status": "RUNNING"}
{"run": "D01_V1_nominal", "t": 12.0, "phase": "DAMP_TRANSFER", "s": 0.9939999999999183, "rho": 0.00030026902870157436, "status": "RUNNING"}
{"run": "D01_V1_nominal", "t": 13.0, "phase": "DAMP_TRANSFER", "s": 0.9939999999999183, "rho": 0.00017294422660346306, "status": "RUNNING"}
{"run": "D01_V1_nominal", "t": 14.0, "phase": "HOLD", "s": 0.9939999999999183, "rho": 0.0001023456753179272, "status": "RUNNING"}
{"run": "D01_V1_nominal", "t": 15.0, "phase": "HOLD", "s": 0.9939999999999183, "rho": 6.16471809959855e-05, "status": "RUNNING"}
{"run": "D01_V1_nominal", "t": 16.0, "phase": "HOLD", "s": 0.9939999999999183, "rho": 3.756294149344945e-05, "status": "RUNNING"}
{"run": "D01_V1_nominal", "t": 17.0, "phase": "HOLD", "s": 0.9939999999999183, "rho": 2.3075499412024917e-05, "status": "RUNNING"}
{"run": "D01_V1_nominal", "t": 18.0, "phase": "HOLD", "s": 0.9939999999999183, "rho": 1.4271656903946218e-05, "status": "RUNNING"}
{"run": "D01_V1_nominal", "t": 19.0, "phase": "HOLD", "s": 0.9939999999999183, "rho": 8.884878911220005e-06, "status": "RUNNING"}
{"run": "D01_V1_nominal", "t": 20.002, "phase": "HOLD", "s": 0.9939999999999183, "rho": 5.565890534294731e-06, "status": "RUNNING"}
{"run": "D01_V1_nominal", "t": 21.002, "phase": "HOLD", "s": 0.9939999999999183, "rho": 3.518723541663048e-06, "status": "RUNNING"}
{"run": "D01_V1_nominal", "t": 22.002, "phase": "HOLD", "s": 0.9939999999999183, "rho": 2.2459112082397183e-06, "status": "RUNNING"}
{"run": "D01_V1_nominal", "t": 23.002, "phase": "HOLD", "s": 0.9939999999999183, "rho": 1.449922893668632e-06, "status": "RUNNING"}
{"run": "D01_V1_nominal", "t": 24.002, "phase": "HOLD", "s": 0.9939999999999183, "rho": 9.494961520904247e-07, "status": "RUNNING"}
{"run": "D01_V1_nominal", "t": 25.002, "phase": "HOLD", "s": 0.9939999999999183, "rho": 6.340864200233263e-07, "status": "RUNNING"}
{"run": "D01_V1_nominal", "t": 26.002, "phase": "HOLD", "s": 0.9939999999999183, "rho": 4.357458987387783e-07, "status": "RUNNING"}
{"run": "D01_V1_nominal", "t": 27.002, "phase": "HOLD", "s": 0.9939999999999183, "rho": 3.114310489009331e-07, "status": "RUNNING"}
{"run": "D01_V1_nominal", "status": "COMPLETED", "end_time_s": 27.991999999995365, "reason": null}
