{
  "condition": "C1",
  "variant": "rigid",
  "metrics": {
    "peak_normal_force_n": 4.180679778209453,
    "normal_force_impulse_ns": 2.3899107919031475,
    "steady_force_rmse_n": 1.3004734141324086,
    "steady_force_rmse_fraction": 0.4334911380441362,
    "maximum_penetration_m": 0.0002800298733624657,
    "contact_loss_events": 1,
    "maximum_sustained_contact_loss_s": 0.006,
    "contact_detected_fraction": 0.952,
    "final_normal_force_n": 1.4841876032884849,
    "task_success_rate": 1.0,
    "torque_saturation_fraction": 0.0,
    "maximum_base_angular_speed_rad_s": 0.015389380358581745,
    "rms_base_angular_speed_rad_s": 0.009847423514293779,
    "robot_contact_linear_impulse_norm_ns": 2.4019988474306486,
    "robot_contact_angular_impulse_about_initial_com_norm_nms": 0.09028609470244635,
    "robot_momentum_change_max": 2.4058154959506832,
    "total_momentum_drift_max": 6.429068024712366e-09,
    "relative_position_error_max_m": 0.001548995063609595,
    "relative_orientation_error_max_rad": 0.0006294869951264343,
    "relative_linear_speed_max_m_s": 0.004000881426990952,
    "maximum_command_normal_offset_m": 0.0012,
    "next_physics_step_linear_prediction_rmse_m_s": 0.005884606993447235,
    "next_physics_step_angular_prediction_rmse_rad_s": 0.004174681365695344,
    "next_task_period_linear_prediction_rmse_m_s": 0.004087047035861158,
    "next_task_period_angular_prediction_rmse_rad_s": 0.007093050420644079,
    "first_contact_time_local_s": 0.044000000000000025,
    "ever_contact": true
  },
  "acceptance": {
    "all_numeric_finite": true,
    "contact_acquired": true,
    "peak_contact_force": true,
    "maximum_penetration": true,
    "maximum_sustained_contact_loss": true,
    "task_success_rate": true,
    "torque_saturation_fraction": true,
    "total_momentum_drift": true,
    "common_passed": true,
    "steady_force_tracking": null,
    "passed": true
  }
}
