{
  "variant": "rigid",
  "metrics": {
    "peak_normal_force_n": 5.417472868021405,
    "normal_force_impulse_ns": 2.656880573781765,
    "steady_force_rmse_n": 3.0,
    "steady_force_rmse_fraction": 1.0,
    "maximum_penetration_m": 0.00037450580798804395,
    "contact_loss_events": 2,
    "maximum_sustained_contact_loss_s": 0.252,
    "contact_detected_fraction": 0.68,
    "final_normal_force_n": 0.0,
    "task_success_rate": 1.0,
    "torque_saturation_fraction": 0.0,
    "maximum_base_angular_speed_rad_s": 0.038715933870173205,
    "rms_base_angular_speed_rad_s": 0.022763655002711936,
    "robot_contact_linear_impulse_norm_ns": 2.7305966835928213,
    "robot_contact_angular_impulse_about_initial_com_norm_nms": 0.8747920555600255,
    "robot_momentum_change_max": 2.86633926308722,
    "total_momentum_drift_max": 9.456288712613784e-10,
    "relative_position_error_max_m": 0.00903148306614588,
    "relative_orientation_error_max_rad": 0.0020635359631108272,
    "relative_linear_speed_max_m_s": 0.08087106005088825,
    "maximum_command_normal_offset_m": 0.0012,
    "next_physics_step_linear_prediction_rmse_m_s": 0.009234566748865015,
    "next_physics_step_angular_prediction_rmse_rad_s": 0.016244338429387228,
    "next_task_period_linear_prediction_rmse_m_s": 0.005996716046325469,
    "next_task_period_angular_prediction_rmse_rad_s": 0.013122968105687832
  },
  "acceptance": {
    "all_numeric_finite": true,
    "contact_acquired": true,
    "peak_contact_force": true,
    "maximum_penetration": true,
    "maximum_sustained_contact_loss": false,
    "task_success_rate": true,
    "torque_saturation_fraction": true,
    "total_momentum_drift": true,
    "common_passed": false,
    "steady_force_tracking": null,
    "passed": false
  }
}
