{"run": "R04_V2_H1", "t": 0.0, "phase": "OBSERVE", "s": 0.0, "rho": 0.0, "status": "RUNNING"}
{"run": "R04_V2_H1", "t": 1.0, "phase": "RENDEZVOUS", "s": 0.12025000000000009, "rho": 0.0, "status": "RUNNING"}
{"run": "R04_V2_H1", "t": 2.0, "phase": "RENDEZVOUS", "s": 0.2452500000000002, "rho": 0.0, "status": "RUNNING"}
{"run": "R04_V2_H1", "t": 3.002, "phase": "RENDEZVOUS", "s": 0.3704999999999869, "rho": 0.0, "status": "RUNNING"}
{"run": "R04_V2_H1", "t": 4.002, "phase": "RENDEZVOUS", "s": 0.49549999999997313, "rho": 0.0, "status": "RUNNING"}
{"run": "R04_V2_H1", "t": 5.002, "phase": "RENDEZVOUS", "s": 0.6204999999999594, "rho": 0.0, "status": "RUNNING"}
{"run": "R04_V2_H1", "t": 6.002, "phase": "RENDEZVOUS", "s": 0.7454999999999457, "rho": 0.0, "status": "RUNNING"}
{"run": "R04_V2_H1", "t": 7.002, "phase": "RELATIVE_APPROACH", "s": 0.8704999999999319, "rho": 0.0, "status": "RUNNING"}
{"run": "R04_V2_H1", "t": 8.002, "phase": "DAMP_TRANSFER", "s": 0.9864999999999191, "rho": 0.034648202326169504, "status": "RUNNING"}
{"run": "R04_V2_H1", "t": 9.002, "phase": "DAMP_TRANSFER", "s": 0.9864999999999191, "rho": 0.0010470936942827904, "status": "RUNNING"}
{"run": "R04_V2_H1", "t": 10.0, "phase": "DAMP_TRANSFER", "s": 0.9864999999999191, "rho": 0.00035352458577738246, "status": "RUNNING"}
{"run": "R04_V2_H1", "t": 11.0, "phase": "DAMP_TRANSFER", "s": 0.9864999999999191, "rho": 0.00018271855102371175, "status": "RUNNING"}
{"run": "R04_V2_H1", "t": 12.0, "phase": "DAMP_TRANSFER", "s": 0.9864999999999191, "rho": 0.00012156920523042837, "status": "RUNNING"}
{"run": "R04_V2_H1", "t": 13.0, "phase": "DAMP_TRANSFER", "s": 0.9864999999999191, "rho": 8.567834986494698e-05, "status": "RUNNING"}
{"run": "R04_V2_H1", "t": 14.0, "phase": "DAMP_TRANSFER", "s": 0.9864999999999191, "rho": 6.124601039265274e-05, "status": "RUNNING"}
{"run": "R04_V2_H1", "t": 15.0, "phase": "HOLD", "s": 0.9864999999999191, "rho": 4.408733921159619e-05, "status": "RUNNING"}
{"run": "R04_V2_H1", "t": 16.0, "phase": "HOLD", "s": 0.9864999999999191, "rho": 3.189215010996331e-05, "status": "RUNNING"}
{"run": "R04_V2_H1", "t": 17.0, "phase": "HOLD", "s": 0.9864999999999191, "rho": 2.3156608512750754e-05, "status": "RUNNING"}
{"run": "R04_V2_H1", "t": 18.0, "phase": "HOLD", "s": 0.9864999999999191, "rho": 1.6862188175127894e-05, "status": "RUNNING"}
{"run": "R04_V2_H1", "t": 19.0, "phase": "HOLD", "s": 0.9864999999999191, "rho": 1.2306073218383158e-05, "status": "RUNNING"}
{"run": "R04_V2_H1", "t": 20.002, "phase": "HOLD", "s": 0.9864999999999191, "rho": 8.991047421518968e-06, "status": "RUNNING"}
{"run": "R04_V2_H1", "t": 21.002, "phase": "HOLD", "s": 0.9864999999999191, "rho": 6.5822870653986455e-06, "status": "RUNNING"}
{"run": "R04_V2_H1", "t": 22.002, "phase": "HOLD", "s": 0.9864999999999191, "rho": 4.824370655069767e-06, "status": "RUNNING"}
{"run": "R04_V2_H1", "t": 23.002, "phase": "HOLD", "s": 0.9864999999999191, "rho": 3.53945552680056e-06, "status": "RUNNING"}
{"run": "R04_V2_H1", "t": 24.002, "phase": "HOLD", "s": 0.9864999999999191, "rho": 2.599174143972294e-06, "status": "RUNNING"}
{"run": "R04_V2_H1", "t": 25.002, "phase": "HOLD", "s": 0.9864999999999191, "rho": 1.9104888843254556e-06, "status": "RUNNING"}
{"run": "R04_V2_H1", "t": 26.002, "phase": "HOLD", "s": 0.9864999999999191, "rho": 1.405760231616964e-06, "status": "RUNNING"}
{"run": "R04_V2_H1", "t": 27.002, "phase": "HOLD", "s": 0.9864999999999191, "rho": 1.0356959244356296e-06, "status": "RUNNING"}
{"run": "R04_V2_H1", "status": "COMPLETED", "end_time_s": 27.931999999995398, "reason": null}
