{
  "variant": "admittance",
  "metrics": {
    "peak_normal_force_n": 5.310462781474211,
    "normal_force_impulse_ns": 1.9004794326918042,
    "steady_force_rmse_n": 1.5499472746254899,
    "steady_force_rmse_fraction": 0.5166490915418299,
    "maximum_penetration_m": 0.00028440638533638017,
    "contact_loss_events": 3,
    "maximum_sustained_contact_loss_s": 0.08600000000000001,
    "contact_detected_fraction": 0.882,
    "final_normal_force_n": 2.206814362938113,
    "task_success_rate": 1.0,
    "torque_saturation_fraction": 0.0,
    "maximum_base_angular_speed_rad_s": 0.008092190628301759,
    "rms_base_angular_speed_rad_s": 0.0042346804862837305,
    "robot_contact_linear_impulse_norm_ns": 1.907787247741079,
    "robot_contact_angular_impulse_about_initial_com_norm_nms": 0.11463467815563874,
    "robot_momentum_change_max": 1.9031318545986278,
    "total_momentum_drift_max": 8.067293318162697e-10,
    "relative_position_error_max_m": 0.001931329044231661,
    "relative_orientation_error_max_rad": 0.0009653113808069749,
    "relative_linear_speed_max_m_s": 0.05647750539286562,
    "maximum_command_normal_offset_m": 0.0006667701227716815,
    "next_physics_step_linear_prediction_rmse_m_s": 0.009613409184014031,
    "next_physics_step_angular_prediction_rmse_rad_s": 0.01565306307659448,
    "next_task_period_linear_prediction_rmse_m_s": 0.005233722447378591,
    "next_task_period_angular_prediction_rmse_rad_s": 0.013184744989921197
  },
  "acceptance": {
    "all_numeric_finite": true,
    "contact_acquired": true,
    "peak_contact_force": true,
    "maximum_penetration": true,
    "maximum_sustained_contact_loss": true,
    "task_success_rate": true,
    "torque_saturation_fraction": true,
    "total_momentum_drift": true,
    "common_passed": true,
    "steady_force_tracking": false,
    "passed": false
  }
}
