{
  "condition": "C0",
  "variant": "admittance",
  "metrics": {
    "peak_normal_force_n": 8.23686250852788,
    "normal_force_impulse_ns": 1.8338802397467961,
    "steady_force_rmse_n": 1.3691703151537742,
    "steady_force_rmse_fraction": 0.45639010505125804,
    "maximum_penetration_m": 0.00023248300843625746,
    "contact_loss_events": 6,
    "maximum_sustained_contact_loss_s": 0.08,
    "contact_detected_fraction": 0.842,
    "final_normal_force_n": 3.129871665368189,
    "task_success_rate": 1.0,
    "torque_saturation_fraction": 0.0,
    "maximum_base_angular_speed_rad_s": 0.009432291676628672,
    "rms_base_angular_speed_rad_s": 0.005288789738868265,
    "robot_contact_linear_impulse_norm_ns": 1.8446716821221818,
    "robot_contact_angular_impulse_about_initial_com_norm_nms": 0.08214431318061051,
    "robot_momentum_change_max": 1.8334945371507427,
    "total_momentum_drift_max": 6.057988743771815e-09,
    "relative_position_error_max_m": 0.0012633848931530077,
    "relative_orientation_error_max_rad": 0.00205269865772116,
    "relative_linear_speed_max_m_s": 0.031582195882611276,
    "maximum_command_normal_offset_m": 0.00047581733064981424,
    "next_physics_step_linear_prediction_rmse_m_s": 0.00911637868740768,
    "next_physics_step_angular_prediction_rmse_rad_s": 0.021948054976896506,
    "next_task_period_linear_prediction_rmse_m_s": 0.0048581584442600025,
    "next_task_period_angular_prediction_rmse_rad_s": 0.019471828328799668,
    "first_contact_time_local_s": 0.002,
    "ever_contact": true
  },
  "acceptance": {
    "all_numeric_finite": true,
    "contact_acquired": true,
    "peak_contact_force": true,
    "maximum_penetration": true,
    "maximum_sustained_contact_loss": true,
    "task_success_rate": true,
    "torque_saturation_fraction": true,
    "total_momentum_drift": true,
    "common_passed": true,
    "steady_force_tracking": false,
    "passed": false
  }
}
