{
  "condition": "C1",
  "variant": "admittance",
  "metrics": {
    "peak_normal_force_n": 5.055671098564721,
    "normal_force_impulse_ns": 1.3469470024192736,
    "steady_force_rmse_n": 1.7439170717570267,
    "steady_force_rmse_fraction": 0.5813056905856756,
    "maximum_penetration_m": 0.00018062530589361915,
    "contact_loss_events": 11,
    "maximum_sustained_contact_loss_s": 0.046,
    "contact_detected_fraction": 0.758,
    "final_normal_force_n": 0.06219540519068182,
    "task_success_rate": 1.0,
    "torque_saturation_fraction": 0.0,
    "maximum_base_angular_speed_rad_s": 0.008336072852019162,
    "rms_base_angular_speed_rad_s": 0.004310883839789187,
    "robot_contact_linear_impulse_norm_ns": 1.3547695335753143,
    "robot_contact_angular_impulse_about_initial_com_norm_nms": 0.0737206497195692,
    "robot_momentum_change_max": 1.3470038952985937,
    "total_momentum_drift_max": 2.508441025499904e-09,
    "relative_position_error_max_m": 0.0008078186579482115,
    "relative_orientation_error_max_rad": 0.00034305221465158556,
    "relative_linear_speed_max_m_s": 0.0034889911644816747,
    "maximum_command_normal_offset_m": 0.0007823514779832316,
    "next_physics_step_linear_prediction_rmse_m_s": 0.004940948025596543,
    "next_physics_step_angular_prediction_rmse_rad_s": 0.009568086288731428,
    "next_task_period_linear_prediction_rmse_m_s": 0.0031344462090183794,
    "next_task_period_angular_prediction_rmse_rad_s": 0.010680686914262683,
    "first_contact_time_local_s": 0.08200000000000006,
    "ever_contact": true
  },
  "acceptance": {
    "all_numeric_finite": true,
    "contact_acquired": true,
    "peak_contact_force": true,
    "maximum_penetration": true,
    "maximum_sustained_contact_loss": true,
    "task_success_rate": true,
    "torque_saturation_fraction": true,
    "total_momentum_drift": true,
    "common_passed": true,
    "steady_force_tracking": false,
    "passed": false
  }
}
