{'run': 'E0_C2', 't': 0.0, 'phase': 'OBSERVE', 'status': 'RUNNING', 'steps': 0}
{'run': 'E0_C2', 't': 1.0, 'phase': 'RENDEZVOUS', 'status': 'RUNNING', 'steps': 500}
{'run': 'E0_C2', 't': 2.0, 'phase': 'RENDEZVOUS', 'status': 'RUNNING', 'steps': 1000}
{'run': 'E0_C2', 't': 3.002, 'phase': 'RENDEZVOUS', 'status': 'RUNNING', 'steps': 1501}
{'run': 'E0_C2', 't': 4.004, 'phase': 'RENDEZVOUS', 'status': 'RUNNING', 'steps': 2002}
{'run': 'E0_C2', 't': 5.006, 'phase': 'RENDEZVOUS', 'status': 'RUNNING', 'steps': 2503}
{'run': 'E0_C2', 't': 6.008, 'phase': 'RENDEZVOUS', 'status': 'RUNNING', 'steps': 3004}
{'run': 'E0_C2', 't': 7.01, 'phase': 'RELATIVE_APPROACH', 'status': 'RUNNING', 'steps': 3505}
{'run': 'E0_C2', 't': 8.012, 'phase': 'DAMP_TRANSFER', 'status': 'RUNNING', 'steps': 4006}
{'run': 'E0_C2', 't': 9.012, 'phase': 'DAMP_TRANSFER', 'status': 'RUNNING', 'steps': 4506}
{'run': 'E0_C2', 't': 10.012, 'phase': 'DAMP_TRANSFER', 'status': 'RUNNING', 'steps': 5006}
{'run': 'E0_C2', 't': 11.012, 'phase': 'DAMP_TRANSFER', 'status': 'RUNNING', 'steps': 5506}
{'run': 'E0_C2', 't': 12.012, 'phase': 'DAMP_TRANSFER', 'status': 'RUNNING', 'steps': 6006}
{'run': 'E0_C2', 't': 13.012, 'phase': 'HOLD', 'status': 'RUNNING', 'steps': 6506}
{'run': 'E0_C2', 't': 14.012, 'phase': 'HOLD', 'status': 'RUNNING', 'steps': 7006}
{'run': 'E0_C2', 't': 15.012, 'phase': 'HOLD', 'status': 'RUNNING', 'steps': 7506}
{'run': 'E0_C2', 't': 16.012, 'phase': 'HOLD', 'status': 'RUNNING', 'steps': 8006}
{'run': 'E0_C2', 't': 17.014, 'phase': 'HOLD', 'status': 'RUNNING', 'steps': 8507}
{'run': 'E0_C2', 't': 18.016, 'phase': 'HOLD', 'status': 'RUNNING', 'steps': 9008}
{'run': 'E0_C2', 't': 19.018, 'phase': 'HOLD', 'status': 'RUNNING', 'steps': 9509}
{'run': 'E0_C2', 't': 20.02, 'phase': 'HOLD', 'status': 'RUNNING', 'steps': 10010}
{'run': 'E0_C2', 't': 21.022, 'phase': 'HOLD', 'status': 'RUNNING', 'steps': 10511}
{'run': 'E0_C2', 't': 22.024, 'phase': 'HOLD', 'status': 'RUNNING', 'steps': 11012}
{'run': 'E0_C2', 't': 23.026, 'phase': 'HOLD', 'status': 'RUNNING', 'steps': 11513}
{'run': 'E0_C2', 't': 24.028, 'phase': 'HOLD', 'status': 'RUNNING', 'steps': 12014}
{'run': 'E0_C2', 't': 25.03, 'phase': 'HOLD', 'status': 'RUNNING', 'steps': 12515}
{'run': 'E0_C2', 't': 26.032, 'phase': 'HOLD', 'status': 'RUNNING', 'steps': 13016}
{'run': 'E0_C2', 't': 27.034, 'phase': 'HOLD', 'status': 'RUNNING', 'steps': 13517}
{'run': 'E1', 't': 0.0, 'phase': 'OBSERVE', 'status': 'RUNNING', 'steps': 0}
{'run': 'E1', 't': 1.0, 'phase': 'RENDEZVOUS', 'status': 'RUNNING', 'steps': 500}
{'run': 'E1', 't': 2.0, 'phase': 'RENDEZVOUS', 'status': 'RUNNING', 'steps': 1000}
{'run': 'E1', 't': 3.002, 'phase': 'RENDEZVOUS', 'status': 'RUNNING', 'steps': 1501}
{'run': 'E1', 't': 4.004, 'phase': 'RENDEZVOUS', 'status': 'RUNNING', 'steps': 2002}
{'run': 'E1', 't': 5.006, 'phase': 'RENDEZVOUS', 'status': 'RUNNING', 'steps': 2503}
{'run': 'E1', 't': 6.008, 'phase': 'RENDEZVOUS', 'status': 'RUNNING', 'steps': 3004}
{'run': 'E1', 't': 7.01, 'phase': 'RELATIVE_APPROACH', 'status': 'RUNNING', 'steps': 3505}
{'run': 'E1', 't': 8.012, 'phase': 'CAPTURE_WINDOW', 'status': 'RUNNING', 'steps': 4006}
{'run': 'E2', 't': 0.0, 'phase': 'OBSERVE', 'status': 'RUNNING', 'steps': 0}
{'run': 'E2', 't': 1.0, 'phase': 'RENDEZVOUS', 'status': 'RUNNING', 'steps': 500}
{'run': 'E2', 't': 2.0, 'phase': 'RENDEZVOUS', 'status': 'RUNNING', 'steps': 1000}
{'run': 'E2', 't': 3.002, 'phase': 'RENDEZVOUS', 'status': 'RUNNING', 'steps': 1501}
{'run': 'E2', 't': 4.004, 'phase': 'RENDEZVOUS', 'status': 'RUNNING', 'steps': 2002}
{'run': 'E2', 't': 5.006, 'phase': 'RENDEZVOUS', 'status': 'RUNNING', 'steps': 2503}
{'run': 'E2', 't': 6.008, 'phase': 'RENDEZVOUS', 'status': 'RUNNING', 'steps': 3004}
{'run': 'E2', 't': 7.01, 'phase': 'RELATIVE_APPROACH', 'status': 'RUNNING', 'steps': 3505}
{'run': 'E2', 't': 8.012, 'phase': 'CAPTURE_WINDOW', 'status': 'RUNNING', 'steps': 4006}
