test_angular_white_jerk_Q_PSD_tiny_measurement_contact_switch (v6_mujoco.system_capture.estimation.tests.FilterProperties) ... ok
test_causality_missing_duplicate_old_nonfinite (v6_mujoco.system_capture.estimation.tests.FilterProperties) ... ok
test_guard_uses_raw_estimate_and_public_only_boundary (v6_mujoco.system_capture.estimation.tests.FilterProperties) ... ok
test_history_contact_not_rewritten (v6_mujoco.system_capture.estimation.tests.FilterProperties) ... ok
test_left_reset_jacobian_and_quaternion_sign (v6_mujoco.system_capture.estimation.tests.FilterProperties) ... ok
test_legacy_identity_and_predictor_only_diff (v6_mujoco.system_capture.estimation.tests.FilterProperties) ... ok
test_noncommuting_rotation_and_variational_jacobian (v6_mujoco.system_capture.estimation.tests.FilterProperties) ... ok
test_reference_point_jacobian (v6_mujoco.system_capture.estimation.tests.FilterProperties) ... ok
test_snapshot_psd_marginal_segmentation_and_no_pollution (v6_mujoco.system_capture.estimation.tests.FilterProperties) ... ok
test_translation_units_and_jerk_integral (v6_mujoco.system_capture.estimation.tests.FilterProperties) ... ok
test_faults (v6_mujoco.system_capture.estimation.tests.PersistenceProperties) ... ok
test_uncommitted_tail_and_corruption_not_repaired (v6_mujoco.system_capture.estimation.tests.PersistenceProperties) ... ok

----------------------------------------------------------------------
Ran 12 tests in 0.773s

OK

validated constant
validated multiaxis
validated offset_COM
validated smooth_transition
validated jitter_dropout
validated bias_noise
archival estimator comparison R01_V2_nominal
archival estimator comparison R04_V2_H1
archival estimator comparison R02_V2_H2
archival estimator comparison R03_V2_S01
