{
  "cell": "D10",
  "variant": "admittance",
  "metrics": {
    "peak_normal_force_n": 6.398702981198841,
    "normal_force_impulse_ns": 2.0330287916115872,
    "steady_force_rmse_n": 1.2635704397742418,
    "steady_force_rmse_fraction": 0.4211901465914139,
    "maximum_penetration_m": 0.0002892282527576317,
    "contact_loss_events": 3,
    "maximum_sustained_contact_loss_s": 0.058,
    "contact_detected_fraction": 0.798,
    "final_normal_force_n": 6.398702981198841,
    "task_success_rate": 1.0,
    "torque_saturation_fraction": 0.0,
    "maximum_base_angular_speed_rad_s": 0.013174764598557197,
    "rms_base_angular_speed_rad_s": 0.00658408507294763,
    "robot_contact_linear_impulse_norm_ns": 2.0425923521531324,
    "robot_contact_angular_impulse_about_initial_com_norm_nms": 0.06254460338709261,
    "robot_momentum_change_max": 2.0341690798009595,
    "total_momentum_drift_max": 5.475153072244317e-09,
    "relative_position_error_max_m": 0.002183921079265684,
    "relative_orientation_error_max_rad": 0.000623716591732132,
    "relative_linear_speed_max_m_s": 0.008598359412964909,
    "maximum_command_normal_offset_m": 0.002390425543861281,
    "next_physics_step_linear_prediction_rmse_m_s": 0.005785524384383191,
    "next_physics_step_angular_prediction_rmse_rad_s": 0.010760794221441066,
    "next_task_period_linear_prediction_rmse_m_s": 0.00336933712951359,
    "next_task_period_angular_prediction_rmse_rad_s": 0.011777447417045343
  },
  "acceptance": {
    "all_numeric_finite": true,
    "contact_acquired": true,
    "peak_contact_force": true,
    "maximum_penetration": true,
    "maximum_sustained_contact_loss": true,
    "task_success_rate": true,
    "torque_saturation_fraction": true,
    "total_momentum_drift": true,
    "common_passed": true,
    "steady_force_tracking": false,
    "passed": false
  }
}
