[
  {
    "mode": "direct",
    "qpos_max": 1.2575602781339512e-09,
    "qvel_max": 9.803881755032773e-08,
    "selected_errors": [
      {
        "step": 0,
        "qpos": 0.0,
        "qvel": 0.0
      },
      {
        "step": 9,
        "qpos": 0.0,
        "qvel": 0.0
      },
      {
        "step": 10,
        "qpos": 0.0,
        "qvel": 0.0
      },
      {
        "step": 100,
        "qpos": 1.1102230246251565e-16,
        "qvel": 7.355227538141662e-15
      },
      {
        "step": 200,
        "qpos": 5.568878691519785e-13,
        "qvel": 1.571642815889618e-11
      },
      {
        "step": 300,
        "qpos": 1.3451462166358397e-12,
        "qvel": 1.9233486331371452e-10
      },
      {
        "step": 400,
        "qpos": 2.972155854763514e-11,
        "qvel": 1.6962666826714212e-09
      },
      {
        "step": 499,
        "qpos": 1.0299388009116228e-09,
        "qvel": 9.803881755032773e-08
      }
    ]
  },
  {
    "mode": "servo",
    "qpos_max": 2.2803980925800715e-12,
    "qvel_max": 1.7765511284295599e-10,
    "selected_errors": [
      {
        "step": 0,
        "qpos": 0.0,
        "qvel": 0.0
      },
      {
        "step": 9,
        "qpos": 0.0,
        "qvel": 0.0
      },
      {
        "step": 10,
        "qpos": 0.0,
        "qvel": 0.0
      },
      {
        "step": 100,
        "qpos": 0.0,
        "qvel": 1.734723475976807e-18
      },
      {
        "step": 200,
        "qpos": 0.0,
        "qvel": 4.649058915617843e-16
      },
      {
        "step": 300,
        "qpos": 8.881784197001252e-16,
        "qvel": 1.871523769292338e-13
      },
      {
        "step": 400,
        "qpos": 5.306866057708248e-14,
        "qvel": 3.054112518441343e-12
      },
      {
        "step": 499,
        "qpos": 1.8682833058392134e-12,
        "qvel": 1.7765511284295599e-10
      }
    ]
  },
  {
    "mode": "task_servo",
    "qpos_max": 2.155164935402354e-12,
    "qvel_max": 1.6751136588943893e-10,
    "selected_errors": [
      {
        "step": 0,
        "qpos": 0.0,
        "qvel": 0.0
      },
      {
        "step": 9,
        "qpos": 0.0,
        "qvel": 0.0
      },
      {
        "step": 10,
        "qpos": 0.0,
        "qvel": 0.0
      },
      {
        "step": 100,
        "qpos": 0.0,
        "qvel": 1.734723475976807e-18
      },
      {
        "step": 200,
        "qpos": 0.0,
        "qvel": 4.649058915617843e-16
      },
      {
        "step": 300,
        "qpos": 8.881784197001252e-16,
        "qvel": 1.8716278527008967e-13
      },
      {
        "step": 400,
        "qpos": 5.440092820663267e-14,
        "qvel": 2.929656517380863e-12
      },
      {
        "step": 499,
        "qpos": 1.766142787573699e-12,
        "qvel": 1.6751136588943893e-10
      }
    ]
  }
]
