{
  "cell": "D11",
  "variant": "admittance",
  "metrics": {
    "peak_normal_force_n": 7.003420743771111,
    "normal_force_impulse_ns": 2.1495217637788637,
    "steady_force_rmse_n": 1.2148941860462208,
    "steady_force_rmse_fraction": 0.4049647286820736,
    "maximum_penetration_m": 0.0003131507414186097,
    "contact_loss_events": 6,
    "maximum_sustained_contact_loss_s": 0.056,
    "contact_detected_fraction": 0.78,
    "final_normal_force_n": 1.463445697825756,
    "task_success_rate": 1.0,
    "torque_saturation_fraction": 0.0,
    "maximum_base_angular_speed_rad_s": 0.013931290007835584,
    "rms_base_angular_speed_rad_s": 0.006668343572922355,
    "robot_contact_linear_impulse_norm_ns": 2.1596731564734566,
    "robot_contact_angular_impulse_about_initial_com_norm_nms": 0.06723753309389786,
    "robot_momentum_change_max": 2.152956055176414,
    "total_momentum_drift_max": 6.130032422936378e-09,
    "relative_position_error_max_m": 0.001205150949485578,
    "relative_orientation_error_max_rad": 0.0006649604927250214,
    "relative_linear_speed_max_m_s": 0.008081114023075323,
    "maximum_command_normal_offset_m": 0.0013303462141087514,
    "next_physics_step_linear_prediction_rmse_m_s": 0.00680473842456714,
    "next_physics_step_angular_prediction_rmse_rad_s": 0.014265317859762273,
    "next_task_period_linear_prediction_rmse_m_s": 0.004093331657173887,
    "next_task_period_angular_prediction_rmse_rad_s": 0.015098352615580585
  },
  "acceptance": {
    "all_numeric_finite": true,
    "contact_acquired": true,
    "peak_contact_force": true,
    "maximum_penetration": true,
    "maximum_sustained_contact_loss": true,
    "task_success_rate": true,
    "torque_saturation_fraction": true,
    "total_momentum_drift": true,
    "common_passed": true,
    "steady_force_tracking": false,
    "passed": false
  }
}
